
> remotion@1.0.0 dev
> remotion studio  --host 0.0.0.0 --port 3000

Server ready - Local: http://localhost:3000, Network: http://172.17.0.2:3000
Built in 1933ms
Building...
Built in 412ms
Building...
Built in 214ms
Building...
Built in 108ms
Building...
Built in 219ms
Building...
Built in 204ms
Building...
Built in 63ms
Building...
Built in 84ms
Building...
Built in 68ms
Building...
Built in 48ms
Building...
Built in 45ms
Building...
Built in 167ms
Building...
Built in 46ms
Building...
Built in 157ms
Building...
Built in 195ms
Building...
Built in 49ms
